# compiler: R8
# compiler_version: 2.1.86
# pg_map_id: 114859a
# common_typos_disable
com.curiosearch.materiall.BuildConfig -> com.curiosearch.materiall.BuildConfig:
    1:1:void <init>():6:6 -> <init>
com.curiosearch.materiall.ProductRecommendationSearch -> com.curiosearch.materiall.ProductRecommendationSearch:
    java.lang.String sessionId -> g
    int page -> f
    int count -> e
    boolean materiall -> a
    java.lang.String sortBy -> c
    java.lang.String template -> b
    java.lang.String filter -> d
    1:8:void <init>():22:29 -> <init>
    1:1:int getCount():80:80 -> getCount
    1:1:java.lang.String getFilter():56:56 -> getFilter
    1:1:int getPage():48:48 -> getPage
    1:31:org.json.JSONObject getRecommendedProductCategory(java.lang.String,java.lang.String,java.lang.String):92:122 -> getRecommendedProductCategory
    1:20:org.json.JSONObject getRecommendedProductSearch(java.lang.String,java.lang.String,java.lang.String,int):133:152 -> getRecommendedProductSearch
    1:23:org.json.JSONObject getRecommendedSimilarProducts(java.lang.String,java.lang.String,java.lang.String,java.lang.String):163:185 -> getRecommendedSimilarProducts
    1:10:org.json.JSONObject getRecordUserActions(java.lang.String,java.lang.String,java.lang.String,java.lang.String,java.lang.String,org.json.JSONObject):196:205 -> getRecordUserActions
    1:1:java.lang.String getSessionId():40:40 -> getSessionId
    1:1:java.lang.String getSortBy():72:72 -> getSortBy
    1:1:java.lang.String getTemplate():64:64 -> getTemplate
    1:1:boolean isMateriall():32:32 -> isMateriall
    1:1:void setCount(int):84:84 -> setCount
    1:1:void setFilter(java.lang.String):60:60 -> setFilter
    1:1:void setMateriall(boolean):36:36 -> setMateriall
    1:1:void setPage(int):52:52 -> setPage
    1:1:void setSessionId(java.lang.String):44:44 -> setSessionId
    1:1:void setSortBy(java.lang.String):76:76 -> setSortBy
    1:1:void setTemplate(java.lang.String):68:68 -> setTemplate
com.curiosearch.materiall.ProductRecommendationSearch$SendRecommadedProductRequestToServer -> com.curiosearch.materiall.ProductRecommendationSearch$SendRecommadedProductRequestToServer:
    org.json.JSONObject productList -> b
    org.json.JSONObject jsonResponse -> c
    java.lang.String url -> a
    1:1:void <init>(com.curiosearch.materiall.ProductRecommendationSearch,java.lang.String,org.json.JSONObject):219:219 -> <init>
    2:6:void <init>(com.curiosearch.materiall.ProductRecommendationSearch,java.lang.String,org.json.JSONObject):217:221 -> <init>
    1:1:java.lang.Object doInBackground(java.lang.Object[]):214:214 -> doInBackground
    2:32:org.json.JSONObject doInBackground(java.lang.Void[]):234:264 -> doInBackground
    1:1:void onPostExecute(java.lang.Object):214:214 -> onPostExecute
    2:2:void onPostExecute(org.json.JSONObject):269:269 -> onPostExecute
com.curiosearch.materiall.Retroclient -> com.curiosearch.materiall.Retroclient:
    1:1:void <init>():12:12 -> <init>
    1:13:retrofit2.Retrofit getClient():20:32 -> getClient
com.curiosearch.materiall.service.Config -> com.curiosearch.materiall.service.Config:
    1:1:void <init>():3:3 -> <init>
